#-----------------------------------------------------------
# Vivado v2018.3 (64-bit)
# SW Build 2405991 on Thu Dec  6 23:38:27 MST 2018
# IP Build 2404404 on Fri Dec  7 01:43:56 MST 2018
# Start of session at: Thu Jun 26 00:48:48 2025
# Process ID: 19368
# Current directory: D:/Desktop/2ASK_FPGA/2ASK-bandpass-system-transmitter/fpga_project/ASK
# Command line: vivado.exe -gui_launcher_event rodinguilauncherevent3376 D:\Desktop\2ASK_FPGA\2ASK-bandpass-system-transmitter\fpga_project\ASK\ASK.xpr
# Log file: D:/Desktop/2ASK_FPGA/2ASK-bandpass-system-transmitter/fpga_project/ASK/vivado.log
# Journal file: D:/Desktop/2ASK_FPGA/2ASK-bandpass-system-transmitter/fpga_project/ASK\vivado.jou
#-----------------------------------------------------------
start_gui
open_project D:/Desktop/2ASK_FPGA/2ASK-bandpass-system-transmitter/fpga_project/ASK/ASK.xpr
update_compile_order -fileset sources_1
update_compile_order -fileset sources_1
launch_simulation
open_wave_config D:/Desktop/2ASK_FPGA/2ASK-bandpass-system-transmitter/fpga_project/ASK/ASK.sim/tb_2ask_transmitter_behav.wcfg
source tb_2ask_transmitter.tcl
run 10 us
run 200 us
relaunch_sim
run 200 us
reset_run synth_1
launch_runs impl_1 -to_step write_bitstream -jobs 16
wait_on_run impl_1
